Yash@Legion-5-Slim MINGW64 ~/OneDrive/Documents/SEM 6 LAB WORK/SEPM/EXP1
$ mkdir git-dvcs

Yash@Legion-5-Slim MINGW64 ~/OneDrive/Documents/SEM 6 LAB WORK/SEPM/EXP1
$ cd git-dvcs/

Yash@Legion-5-Slim MINGW64 ~/OneDrive/Documents/SEM 6 LAB WORK/SEPM/EXP1/git-dvcs
$ git config --global user.name "Yash"

Yash@Legion-5-Slim MINGW64 ~/OneDrive/Documents/SEM 6 LAB WORK/SEPM/EXP1/git-dvcs
$ git config --global user.email "yashsingrodia1907@gmail.com"

Yash@Legion-5-Slim MINGW64 ~/OneDrive/Documents/SEM 6 LAB WORK/SEPM/EXP1/git-dvcs
$ git config --global --list
user.name=Yash
user.email=yashsingrodia1907@gmail.com
filter.lfs.clean=git-lfs clean -- %f
filter.lfs.smudge=git-lfs smudge -- %f
filter.lfs.process=git-lfs filter-process
filter.lfs.required=true

Yash@Legion-5-Slim MINGW64 ~/OneDrive/Documents/SEM 6 LAB WORK/SEPM/EXP1/git-dvcs
$ cd ..

Yash@Legion-5-Slim MINGW64 ~/OneDrive/Documents/SEM 6 LAB WORK/SEPM/EXP1
$ mkdir git-demo-project

Yash@Legion-5-Slim MINGW64 ~/OneDrive/Documents/SEM 6 LAB WORK/SEPM/EXP1
$ cd git-demo-project/

Yash@Legion-5-Slim MINGW64 ~/OneDrive/Documents/SEM 6 LAB WORK/SEPM/EXP1/git-demo-project
$ git init
Initialized empty Git repository in C:/Users/Yash/OneDrive/Documents/SEM 6 LAB WORK/SEPM/EXP1/git-demo-project/.git/



Yash@Legion-5-Slim MINGW64 ~/OneDrive/Documents/SEM 6 LAB WORK/SEPM/EXP1/git-demo-project (master)
$ git add .

Yash@Legion-5-Slim MINGW64 ~/OneDrive/Documents/SEM 6 LAB WORK/SEPM/EXP1/git-demo-project (master)
$ git status
On branch master
No commits yet
Changes to be committed:
  (use "git rm --cached <file>..." to unstage)
        new file:   README.md

Yash@Legion-5-Slim MINGW64 ~/OneDrive/Documents/SEM 6 LAB WORK/SEPM/EXP1/git-demo-project (master)
$ git commit -m "First Commit"
[master (root-commit) 02af20b] First Commit
 1 file changed, 0 insertions(+), 0 deletions(-)
 create mode 100644 README.md

Yash@Legion-5-Slim MINGW64 ~/OneDrive/Documents/SEM 6 LAB WORK/SEPM/EXP1/git-demo-project (master)
$ touch teststatus
$ nano index.html

Yash@Legion-5-Slim MINGW64 ~/OneDrive/Documents/SEM 6 LAB WORK/SEPM/EXP1/git-demo-project (master)
$ git add index.html
$ git add teststatus
$ git commit -m "Express commit"
[master 2713264] Express commit
 2 files changed, 2 insertions(+)
 create mode 100644 index.html
 create mode 100644 teststatus

Yash@Legion-5-Slim MINGW64 ~/OneDrive/Documents/SEM 6 LAB WORK/SEPM/EXP1/git-demo-project (master)
$ git log --oneline
2713264 (HEAD -> master) Express commit
02af20b First Commit

Yash@Legion-5-Slim MINGW64 ~/OneDrive/Documents/SEM 6 LAB WORK/SEPM/EXP1/git-demo-project (master)
$ git remote add origin https://github.com/yash19075/git-demo-project.git

Yash@Legion-5-Slim MINGW64 ~/OneDrive/Documents/SEM 6 LAB WORK/SEPM/EXP1/git-demo-project (master)
$ git push -u origin master
Enumerating objects: 6, done.
Counting objects: 100% (6/6), done.
Writing objects: 100% (6/6), 483 bytes | 483.00 KiB/s, done.
To https://github.com/yash19075/git-demo-project.git
 * [new branch]      master -> master
branch 'master' set up to track 'origin/master'.

Yash@Legion-5-Slim MINGW64 ~/OneDrive/Documents/SEM 6 LAB WORK/SEPM/EXP1/git-demo-project (master)
$ git pull
remote: Enumerating objects: 5, done.
From https://github.com/yash19075/git-demo-project
   2713264..564eff1  master     -> origin/master
Updating 2713264..564eff1
Fast-forward
 README.md | 1 +
 1 file changed, 1 insertion(+)